success
success
success
success
success
success
z//1 y//1 x//0
x//0