success
success
success
success
success
2
1
x1//1 x2//1 x3//2
1
