success
success
success
success
success
1
x//0 y//0