success
success
success
success
success
success
b//2 a//2 d//1 c//1
a//0 b//0 c//1 d//1
b//0 a//0